
> site@0.1.0 build
> next build

  Ôû▓ Next.js 14.2.14

   Creating an optimized production build ...
 Ô£ô Compiled successfully
   Linting and checking validity of types ...
   Collecting page data ...
   Generating static pages (0/9) ...
   Generating static pages (2/9) 
   Generating static pages (4/9) 
   Generating static pages (6/9) 
 Ô£ô Generating static pages (9/9)
   Finalizing page optimization ...
   Collecting build traces ...

Route (app)                              Size     First Load JS
Ôöî Ôùï /                                    33.1 kB         172 kB
Ôö£ Ôùï /_not-found                          873 B          88.2 kB
Ôö£ Ôùï /cores                               439 B           134 kB
Ôö£ Ôùï /politica-de-privacidade             175 B          94.3 kB
Ôö£ Ôùï /produtos                            444 B           139 kB
Ôöö Ôùï /quem-somos                          439 B           134 kB
+ First Load JS shared by all            87.3 kB
  Ôö£ chunks/117-03daa74e92c367d4.js       31.7 kB
  Ôö£ chunks/fd9d1056-ac47f7b4a1759b90.js  53.6 kB
  Ôöö other shared chunks (total)          1.95 kB


Ôùï  (Static)  prerendered as static content

